#1 STR_CONST "other unescaped whitespace: \t<0x0c><0x12><0x0b>"
