#2 INT_CONST 0
#4 INT_CONST 1
#6 INT_CONST 3
#8 INT_CONST 4
#9 INT_CONST 5
