#2 ERROR: String contains null character
#2 OBJECTID a
#2 '+'
