#5 ERROR: Invalid symbol "!"
#6 OBJECTID bond
#7 STR_CONST ""
