#1 OBJECTID g
#1 ERROR: Invalid symbol "<0x01>"
#1 ERROR: Invalid symbol "<0x02>"
#1 ERROR: Invalid symbol "<0x03>"
#1 ERROR: Invalid symbol "<0x04>"
#1 OBJECTID h
