#1 ERROR: Invalid symbol "!"
#1 ERROR: Invalid symbol "#"
#1 ERROR: Invalid symbol "$"
#1 ERROR: Invalid symbol "%"
#1 ERROR: Invalid symbol "^"
#1 ERROR: Invalid symbol "&"
#1 ERROR: Invalid symbol "_"
#1 ERROR: Invalid symbol ">"
#1 ERROR: Invalid symbol "?"
#1 ERROR: Invalid symbol "`"
#1 ERROR: Invalid symbol "["
#1 ERROR: Invalid symbol "]"
#1 ERROR: Invalid symbol "\\"
#1 ERROR: Invalid symbol "|"
