#1 BOOL_CONST true
#2 BOOL_CONST true
#3 BOOL_CONST true
#4 BOOL_CONST true
#5 BOOL_CONST true
#6 BOOL_CONST true
#7 BOOL_CONST true
#8 BOOL_CONST true
