#1 TYPEID True
#2 TYPEID TRue
#3 TYPEID TrUe
#4 TYPEID TruE
#5 TYPEID TRUe
#6 TYPEID TrUE
#7 TYPEID TRuE
#8 TYPEID TRUE
