#1 BOOL_CONST false
#2 BOOL_CONST false
#3 BOOL_CONST false
#4 BOOL_CONST false
#5 BOOL_CONST false
#6 BOOL_CONST false
#7 BOOL_CONST false
#8 BOOL_CONST false
#9 BOOL_CONST false
#10 BOOL_CONST false
#11 BOOL_CONST false
#12 BOOL_CONST false
#13 BOOL_CONST false
#14 BOOL_CONST false
#15 BOOL_CONST false
#16 BOOL_CONST false
