#1 TYPEID False
#2 TYPEID FAlse
#3 TYPEID FaLse
#4 TYPEID FalSe
#5 TYPEID FalsE
#6 TYPEID FALse
#7 TYPEID FaLSe
#8 TYPEID FalSE
#9 TYPEID FAlSe
#10 TYPEID FaLsE
#11 TYPEID FAlsE
#12 TYPEID FALSe
#13 TYPEID FaLSE
#14 TYPEID FALsE
#15 TYPEID FAlSE
#16 TYPEID FALSE
