#1 ELSE
#2 ELSE
#3 ELSE
#4 ELSE
#5 ELSE
#6 ELSE
#7 ELSE
#8 ELSE
#9 ELSE
#10 ELSE
#11 ELSE
#12 ELSE
#13 ELSE
#14 ELSE
#15 ELSE
#16 ELSE
