#1 STR_CONST "hello"
#3 STR_CONST "what now?"
#3 ERROR: Unmatched *)
