#1 TYPEID This
#1 OBJECTID comment
#1 OBJECTID was
#1 OBJECTID never
#1 OBJECTID started
#1 ERROR: Unmatched *)
