#1 STR_CONST "first"
#3 STR_CONST "second"
#5 STR_CONST "third"
