#2 STR_CONST "escaped new line in string here: \nsame string"
