#1 STR_CONST "\"ok"
#2 ERROR: Unterminated string at EOF
