#1 OBJECTID null_char_here
#1 ERROR: Invalid symbol "<0x00>"
#2 OBJECTID identifier
