#1 CASE
#2 OBJECTID elif
#3 ELSE
#4 IF
#5 CLASS 
#6 FI
#7 IN
#8 INHERITS
#9 ISVOID
#10 LET
#11 LOOP
#12 POOL
#13 THEN
#14 WHILE
#15 CASE
#16 ESAC
#17 NEW
#18 OF
#19 NOT
