#3 STR_CONST "\\-"
#3 '-'
#3 STR_CONST "--"
#4 STR_CONST "\\"
#4 STR_CONST "\"--\""
#4 ERROR: Invalid symbol "\\"
#4 '-'
#4 ERROR: Invalid symbol "\\"
#4 STR_CONST ""
#4 ERROR: Invalid symbol "\\"
#4 STR_CONST "--\\"
#4 ERROR: Invalid symbol "\\"
#4 STR_CONST "\\"
#5 STR_CONST "\\"
#5 STR_CONST "\"--\""
#5 ERROR: Invalid symbol "\\"
#5 ERROR: Invalid symbol "\\"
#5 STR_CONST ""
#5 ERROR: Invalid symbol "\\"
#5 STR_CONST "--\\"
#5 ERROR: Invalid symbol "\\"
#5 STR_CONST "\\"
#5 STR_CONST "--"
#5 ERROR: Invalid symbol "\\"
#5 STR_CONST "\""
#5 ERROR: Invalid symbol "\\"
#5 ERROR: String contains unescaped new line
#6 STR_CONST "-\""
#6 ERROR: Invalid symbol "\\"
